
> hunter-harness-monorepo@0.1.0 pretest
> npm run sync:harness && npm run bundle -w packages/cli


> hunter-harness-monorepo@0.1.0 sync:harness
> node scripts/sync-harness.mjs

Harness Bundles are up to date (2 profiles × 5 agents)

> hunter-harness@0.4.13 bundle
> node ../../scripts/bundle-cli.mjs


> hunter-harness-monorepo@0.1.0 test
> node node_modules/vitest/vitest.mjs run --maxWorkers=2


[1m[30m[46m RUN [49m[39m[22m [36mv4.1.9 [39m[90mE:/MyProject/AI Related/Hunter-Harness[39m

 [32m✓[39m [30m[43m fast [49m[39m packages/core/test/durable-publication.test.ts [2m([22m[2m10 tests[22m[2m)[22m[33m 2440[2mms[22m[39m
     [33m[2m✓[22m[39m accepts realistic-size payloads (bytes arrays beyond the old 4096 snapshot cap) [33m 1100[2mms[22m[39m
     [33m[2m✓[22m[39m still rejects payloads beyond the 2MB publication bound (fail closed) [33m 1316[2mms[22m[39m
 [32m✓[39m [30m[43m fast [49m[39m packages/core/test/gitignore.test.ts [2m([22m[2m7 tests[22m[2m)[22m[33m 1486[2mms[22m[39m
     [33m[2m✓[22m[39m does not expand installed projections when their Agent directory is ignored [33m 312[2mms[22m[39m
     [33m[2m✓[22m[39m reports tracked projections while retaining the top-level Agent rule [33m 322[2mms[22m[39m
 [32m✓[39m [30m[43m fast [49m[39m packages/core/test/plan-quality-module.test.ts [2m([22m[2m27 tests[22m[2m)[22m[33m 917[2mms[22m[39m
 [32m✓[39m [30m[43m fast [49m[39m packages/core/test/planning-context-filesystem-authority.test.ts [2m([22m[2m9 tests[22m[2m)[22m[33m 787[2mms[22m[39m
     [33m[2m✓[22m[39m serializes concurrent CAS, replays commands, and durably closes delivery acknowledgement [33m 321[2mms[22m[39m
 [32m✓[39m [30m[43m fast [49m[39m packages/core/test/recovery.test.ts [2m([22m[2m10 tests[22m[2m)[22m[33m 644[2mms[22m[39m
 [32m✓[39m [30m[43m fast [49m[39m packages/core/test/map-publication-filesystem.test.ts [2m([22m[2m21 tests[22m[2m)[22m[33m 9378[2mms[22m[39m
     [33m[2m✓[22m[39m publishes, replays, reads back and rolls back exact owned targets [33m 667[2mms[22m[39m
     [33m[2m✓[22m[39m publishes an immutable generation pointer and fences readers from mixed projections [33m 526[2mms[22m[39m
     [33m[2m✓[22m[39m reclaims a stale immutable lock record without a successor chain [33m 449[2mms[22m[39m
     [33m[2m✓[22m[39m recovers a dead reclaimer marker after a crash without weakening the lock [33m 470[2mms[22m[39m
     [33m[2m✓[22m[39m recovers a dead successor whose predecessor reclaim marker survived acquisition [33m 525[2mms[22m[39m
     [33m[2m✓[22m[39m fails closed when the generation pointer or immutable payload is tampered [33m 660[2mms[22m[39m
     [33m[2m✓[22m[39m tolerates ancestor path aliasing (CI 8.3 短名/TMPDIR 软链) while still publishing to the real root [33m 685[2mms[22m[39m
     [33m[2m✓[22m[39m rejects a restart with a different project identity [33m 599[2mms[22m[39m
     [33m[2m✓[22m[39m rejects the same idempotency key on a different operation [33m 632[2mms[22m[39m
     [33m[2m✓[22m[39m recovers a complete live target set before applying the stale baseline check [33m 693[2mms[22m[39m
     [33m[2m✓[22m[39m refuses rollback when any owned live payload changed [33m 633[2mms[22m[39m
     [33m[2m✓[22m[39m resumes a rollback after projection completed but pointer switch was interrupted [33m 692[2mms[22m[39m
     [33m[2m✓[22m[39m refuses rollback when backup metadata is not exactly nine validated entries [33m 586[2mms[22m[39m
     [33m[2m✓[22m[39m serializes concurrent publication calls at the project root [33m 723[2mms[22m[39m
     [33m[2m✓[22m[39m fences two processes while reclaiming one stale lock generation [33m 707[2mms[22m[39m
 [32m✓[39m [30m[43m fast [49m[39m packages/core/test/cleanup.test.ts [2m([22m[2m8 tests[22m[2m)[22m[33m 446[2mms[22m[39m
 [32m✓[39m [30m[43m fast [49m[39m packages/core/test/transaction.test.ts [2m([22m[2m10 tests[22m[2m)[22m[33m 337[2mms[22m[39m
 [32m✓[39m [30m[43m fast [49m[39m packages/core/test/instruction-sync-provider.test.ts [2m([22m[2m35 tests[22m[2m)[22m[32m 267[2mms[22m[39m
 [32m✓[39m [30m[43m fast [49m[39m packages/contracts/test/schemas.test.ts [2m([22m[2m110 tests[22m[2m)[22m[32m 260[2mms[22m[39m
 [32m✓[39m [30m[43m fast [49m[39m packages/core/test/plan-artifact-publication.test.ts [2m([22m[2m9 tests[22m[2m)[22m[32m 255[2mms[22m[39m
 [32m✓[39m [30m[43m fast [49m[39m packages/skill-cli/test/skill-cli.test.ts [2m([22m[2m28 tests[22m[2m)[22m[32m 275[2mms[22m[39m
 [32m✓[39m [30m[43m fast [49m[39m packages/contracts/test/platform-information-export-contracts.test.ts [2m([22m[2m15 tests[22m[2m)[22m[32m 253[2mms[22m[39m
 [32m✓[39m [30m[43m fast [49m[39m packages/core/test/managed-execution.test.ts [2m([22m[2m3 tests[22m[2m)[22m[32m 239[2mms[22m[39m
 [32m✓[39m [30m[43m fast [49m[39m packages/core/test/archive-remote-adapter-module.test.ts [2m([22m[2m36 tests[22m[2m)[22m[32m 236[2mms[22m[39m
 [32m✓[39m [30m[43m fast [49m[39m packages/core/test/plan-artifacts-module.test.ts [2m([22m[2m19 tests[22m[2m)[22m[32m 232[2mms[22m[39m
 [32m✓[39m [30m[43m fast [49m[39m packages/core/test/plan-finalization-transaction.test.ts [2m([22m[2m15 tests[22m[2m)[22m[32m 157[2mms[22m[39m
 [32m✓[39m [30m[43m fast [49m[39m packages/core/test/project-rules.test.ts [2m([22m[2m10 tests[22m[2m)[22m[32m 146[2mms[22m[39m
 [32m✓[39m [30m[43m fast [49m[39m packages/core/test/instruction-proposal-module.test.ts [2m([22m[2m28 tests[22m[2m)[22m[32m 119[2mms[22m[39m
 [32m✓[39m [30m[43m fast [49m[39m packages/core/test/plan-decision-module.test.ts [2m([22m[2m22 tests[22m[2m)[22m[32m 93[2mms[22m[39m
 [32m✓[39m [30m[43m fast [49m[39m packages/core/test/codebase-map-sync-provider.test.ts [2m([22m[2m43 tests[22m[2m)[22m[32m 91[2mms[22m[39m
 [32m✓[39m [30m[43m fast [49m[39m packages/core/test/sync-maintenance-module.test.ts [2m([22m[2m17 tests[22m[2m)[22m[32m 90[2mms[22m[39m
 [32m✓[39m [30m[43m fast [49m[39m packages/core/test/archive-package-builder-module.test.ts [2m([22m[2m27 tests[22m[2m)[22m[32m 81[2mms[22m[39m
 [32m✓[39m [30m[43m fast [49m[39m packages/core/test/instruction-graph.test.ts [2m([22m[2m11 tests[22m[2m)[22m[32m 65[2mms[22m[39m
 [32m✓[39m [30m[43m fast [49m[39m packages/core/test/profile-bundle.test.ts [2m([22m[2m13 tests[22m[2m)[22m[32m 69[2mms[22m[39m
 [32m✓[39m [30m[43m fast [49m[39m packages/contracts/test/content-sync-contracts.test.ts [2m([22m[2m270 tests[22m[2m)[22m[32m 65[2mms[22m[39m
 [32m✓[39m [30m[43m fast [49m[39m packages/core/test/archive-outbox-v2.test.ts [2m([22m[2m11 tests[22m[2m)[22m[32m 68[2mms[22m[39m
 [32m✓[39m [30m[43m fast [49m[39m packages/core/test/remote-sync-module.test.ts [2m([22m[2m49 tests[22m[2m)[22m[32m 63[2mms[22m[39m
 [32m✓[39m [30m[43m fast [49m[39m packages/core/test/archive-outbox-module.test.ts [2m([22m[2m18 tests[22m[2m)[22m[32m 64[2mms[22m[39m
 [32m✓[39m [30m[43m fast [49m[39m packages/core/test/archive-engine-module.test.ts [2m([22m[2m51 tests[22m[2m)[22m[32m 54[2mms[22m[39m
 [32m✓[39m [30m[43m fast [49m[39m packages/core/test/archive-outbox-local-authority.test.ts [2m([22m[2m22 tests[22m[2m)[22m[32m 54[2mms[22m[39m
 [32m✓[39m [30m[43m fast [49m[39m packages/core/test/map-publication-transaction.test.ts [2m([22m[2m15 tests[22m[2m)[22m[32m 62[2mms[22m[39m
 [32m✓[39m [30m[43m fast [49m[39m packages/contracts/test/platform-information-contracts.test.ts [2m([22m[2m16 tests[22m[2m)[22m[32m 49[2mms[22m[39m
 [32m✓[39m [30m[43m fast [49m[39m packages/core/test/codebase-map-v2.test.ts [2m([22m[2m145 tests[22m[2m)[22m[32m 47[2mms[22m[39m
 [32m✓[39m [30m[43m fast [49m[39m packages/core/test/instruction-governance-module.test.ts [2m([22m[2m18 tests[22m[2m)[22m[32m 44[2mms[22m[39m
 [32m✓[39m [30m[43m fast [49m[39m packages/core/test/planning-context-state-port.test.ts [2m([22m[2m10 tests[22m[2m)[22m[32m 42[2mms[22m[39m
 [32m✓[39m [30m[43m fast [49m[39m packages/core/test/remote-sync-v1-contract.test.ts [2m([22m[2m24 tests[22m[2m)[22m[32m 43[2mms[22m[39m
 [32m✓[39m [30m[43m fast [49m[39m packages/contracts/test/remote-sync-archive-http-contracts.test.ts [2m([22m[2m7 tests[22m[2m)[22m[32m 38[2mms[22m[39m
 [32m✓[39m [30m[43m fast [49m[39m tests/adapt-agent-bundle.test.ts [2m([22m[2m7 tests[22m[2m)[22m[32m 38[2mms[22m[39m
 [32m✓[39m [30m[43m fast [49m[39m packages/core/test/push-pull-orchestration-module.test.ts [2m([22m[2m20 tests[22m[2m)[22m[32m 36[2mms[22m[39m
 [32m✓[39m [30m[43m fast [49m[39m packages/core/test/rule-candidates.test.ts [2m([22m[2m4 tests[22m[2m)[22m[32m 36[2mms[22m[39m
 [32m✓[39m [30m[43m fast [49m[39m packages/core/test/adapter-freshness-sync-provider.test.ts [2m([22m[2m36 tests[22m[2m)[22m[32m 32[2mms[22m[39m
 [32m✓[39m [30m[43m fast [49m[39m packages/core/test/push-credentials.test.ts [2m([22m[2m13 tests[22m[2m)[22m[32m 26[2mms[22m[39m
 [32m✓[39m [30m[43m fast [49m[39m packages/core/test/planning-context-module.test.ts [2m([22m[2m7 tests[22m[2m)[22m[32m 24[2mms[22m[39m
 [32m✓[39m [30m[43m fast [49m[39m packages/core/test/plan-classification-module.test.ts [2m([22m[2m34 tests[22m[2m)[22m[32m 26[2mms[22m[39m
 [32m✓[39m [30m[43m fast [49m[39m packages/core/test/remote-archive-v2.test.ts [2m([22m[2m15 tests[22m[2m)[22m[32m 28[2mms[22m[39m
 [32m✓[39m [30m[43m fast [49m[39m packages/contracts/test/plan-event-contracts.test.ts [2m([22m[2m8 tests[22m[2m)[22m[32m 22[2mms[22m[39m
 [32m✓[39m [30m[43m fast [49m[39m packages/contracts/test/remote-content-upload-http-contracts.test.ts [2m([22m[2m11 tests[22m[2m)[22m[32m 24[2mms[22m[39m
 [32m✓[39m [30m[43m fast [49m[39m packages/contracts/test/remote-sync-http-contracts.test.ts [2m([22m[2m10 tests[22m[2m)[22m[32m 21[2mms[22m[39m
 [32m✓[39m [30m[43m fast [49m[39m packages/core/test/rule-review.test.ts [2m([22m[2m3 tests[22m[2m)[22m[32m 23[2mms[22m[39m
 [32m✓[39m [30m[43m fast [49m[39m packages/core/test/api-client.test.ts [2m([22m[2m4 tests[22m[2m)[22m[32m 20[2mms[22m[39m
 [32m✓[39m [30m[43m fast [49m[39m packages/core/test/codebase-map.test.ts [2m([22m[2m4 tests[22m[2m)[22m[32m 16[2mms[22m[39m
 [32m✓[39m [30m[43m fast [49m[39m packages/contracts/test/knowledge-query-http.test.ts [2m([22m[2m7 tests[22m[2m)[22m[32m 20[2mms[22m[39m
 [32m✓[39m [30m[43m fast [49m[39m packages/contracts/test/execution.test.ts [2m([22m[2m4 tests[22m[2m)[22m[32m 16[2mms[22m[39m
 [32m✓[39m [30m[43m fast [49m[39m packages/contracts/test/platform-information-http.test.ts [2m([22m[2m3 tests[22m[2m)[22m[32m 10[2mms[22m[39m
 [32m✓[39m [30m[43m fast [49m[39m packages/contracts/test/bundle-manifest.test.ts [2m([22m[2m8 tests[22m[2m)[22m[32m 16[2mms[22m[39m
 [32m✓[39m [30m[43m fast [49m[39m packages/core/test/instruction-proposal-state-port.test.ts [2m([22m[2m7 tests[22m[2m)[22m[32m 13[2mms[22m[39m
 [32m✓[39m [30m[43m fast [49m[39m packages/core/test/checker.test.ts [2m([22m[2m12 tests[22m[2m)[22m[32m 12[2mms[22m[39m
 [32m✓[39m [30m[43m fast [49m[39m packages/core/test/plan-classification-state-port.test.ts [2m([22m[2m6 tests[22m[2m)[22m[32m 14[2mms[22m[39m
 [32m✓[39m [30m[43m fast [49m[39m packages/core/test/fixer.test.ts [2m([22m[2m5 tests[22m[2m)[22m[32m 15[2mms[22m[39m
 [32m✓[39m [30m[43m fast [49m[39m packages/core/test/proposal-diff.test.ts [2m([22m[2m4 tests[22m[2m)[22m[32m 13[2mms[22m[39m
 [32m✓[39m [30m[43m fast [49m[39m packages/core/test/remote-content-upload.test.ts [2m([22m[2m7 tests[22m[2m)[22m[32m 13[2mms[22m[39m
 [32m✓[39m [30m[43m fast [49m[39m packages/core/test/frontmatter.test.ts [2m([22m[2m13 tests[22m[2m)[22m[32m 13[2mms[22m[39m
 [32m✓[39m [30m[43m fast [49m[39m packages/contracts/test/remote-sync-v1-contracts.test.ts [2m([22m[2m6 tests[22m[2m)[22m[32m 12[2mms[22m[39m
 [32m✓[39m [30m[43m fast [49m[39m packages/core/test/planning-context-remote-query.test.ts [2m([22m[2m14 tests[22m[2m)[22m[32m 12[2mms[22m[39m
 [32m✓[39m [30m[43m fast [49m[39m packages/core/test/artifact-rebase.test.ts [2m([22m[2m17 tests[22m[2m)[22m[32m 12[2mms[22m[39m
 [32m✓[39m [30m[43m fast [49m[39m packages/core/test/map-publication-filesystem-contract.test.ts [2m([22m[2m7 tests[22m[2m)[22m[32m 9[2mms[22m[39m
 [32m✓[39m [30m[43m fast [49m[39m packages/core/test/registry-governance.test.ts [2m([22m[2m3 tests[22m[2m)[22m[32m 10[2mms[22m[39m
 [32m✓[39m [30m[43m fast [49m[39m packages/contracts/test/knowledge-ingest.test.ts [2m([22m[2m2 tests[22m[2m)[22m[32m 10[2mms[22m[39m
 [32m✓[39m [30m[43m fast [49m[39m packages/core/test/meta.test.ts [2m([22m[2m3 tests[22m[2m)[22m[32m 9[2mms[22m[39m
 [32m✓[39m [30m[43m fast [49m[39m packages/core/test/security-scanner.test.ts [2m([22m[2m10 tests[22m[2m)[22m[32m 9[2mms[22m[39m
 [32m✓[39m [30m[43m fast [49m[39m packages/core/test/durable-state-primitives.test.ts [2m([22m[2m6 tests[22m[2m)[22m[32m 9[2mms[22m[39m
 [32m✓[39m [30m[43m fast [49m[39m packages/core/test/push-pull-output-diagnostics.test.ts [2m([22m[2m6 tests[22m[2m)[22m[32m 9[2mms[22m[39m
 [32m✓[39m [30m[43m fast [49m[39m packages/core/test/path-safety.test.ts [2m([22m[2m13 tests[22m[2m)[22m[32m 7[2mms[22m[39m
 [32m✓[39m [30m[43m fast [49m[39m packages/core/test/file-policy.test.ts [2m([22m[2m62 tests[22m[2m)[22m[32m 8[2mms[22m[39m
 [32m✓[39m [30m[43m fast [49m[39m packages/contracts/test/skill-package.test.ts [2m([22m[2m3 tests[22m[2m)[22m[32m 7[2mms[22m[39m
 [32m✓[39m [30m[43m fast [49m[39m packages/core/test/managed-block.test.ts [2m([22m[2m24 tests[22m[2m)[22m[32m 8[2mms[22m[39m
 [32m✓[39m [30m[43m fast [49m[39m packages/core/test/ai.test.ts [2m([22m[2m10 tests[22m[2m)[22m[32m 8[2mms[22m[39m
 [32m✓[39m [30m[43m fast [49m[39m tests/dependency-security.test.ts [2m([22m[2m1 test[22m[2m)[22m[32m 7[2mms[22m[39m
 [32m✓[39m [30m[43m fast [49m[39m tests/release-pipeline.test.ts [2m([22m[2m4 tests[22m[2m)[22m[32m 5[2mms[22m[39m
 [32m✓[39m [30m[43m fast [49m[39m packages/core/test/skill-install-plan.test.ts [2m([22m[2m4 tests[22m[2m)[22m[32m 6[2mms[22m[39m
 [32m✓[39m [30m[43m fast [49m[39m packages/core/test/ai-prompt-parser.test.ts [2m([22m[2m12 tests[22m[2m)[22m[32m 5[2mms[22m[39m
 [32m✓[39m [30m[43m fast [49m[39m packages/core/test/trusted-async-result.test.ts [2m([22m[2m5 tests[22m[2m)[22m[32m 5[2mms[22m[39m
 [32m✓[39m [30m[43m fast [49m[39m tests/changed-test-selection.test.ts [2m([22m[2m9 tests[22m[2m)[22m[32m 4[2mms[22m[39m
 [32m✓[39m [30m[43m fast [49m[39m packages/core/test/environment-doctor.test.ts [2m([22m[2m2 tests[22m[2m)[22m[32m 3[2mms[22m[39m
 [32m✓[39m [30m[43m fast [49m[39m packages/skill-cli/test/package-contract.test.ts [2m([22m[2m1 test[22m[2m)[22m[32m 4[2mms[22m[39m
 [32m✓[39m [30m[43m fast [49m[39m packages/core/test/plan-phase-vocabulary.test.ts [2m([22m[2m1 test[22m[2m)[22m[32m 4[2mms[22m[39m
 [32m✓[39m [30m[43m fast [49m[39m packages/core/test/capability-verification-graph.test.ts [2m([22m[2m4 tests[22m[2m)[22m[32m 4[2mms[22m[39m
 [32m✓[39m [30m[43m fast [49m[39m packages/core/test/external-convergence.test.ts [2m([22m[2m5 tests[22m[2m)[22m[32m 3[2mms[22m[39m
 [32m✓[39m [30m[43m fast [49m[39m packages/core/test/diff.test.ts [2m([22m[2m4 tests[22m[2m)[22m[32m 3[2mms[22m[39m
 [32m✓[39m [30m[43m fast [49m[39m packages/core/test/context-index.test.ts [2m([22m[2m1 test[22m[2m)[22m[32m 3[2mms[22m[39m
 [32m✓[39m [30m[43m fast [49m[39m packages/contracts/test/plan-phase-aliases.test.ts [2m([22m[2m1 test[22m[2m)[22m[32m 2[2mms[22m[39m
 [32m✓[39m [30m[43m fast [49m[39m packages/core/test/skill-agents.test.ts [2m([22m[2m2 tests[22m[2m)[22m[32m 3[2mms[22m[39m
 [32m✓[39m [30m[43m fast [49m[39m tests/smoke/workspace.test.ts [2m([22m[2m1 test[22m[2m)[22m[32m 3[2mms[22m[39m
 [32m✓[39m [30m[45m integration [49m[39m packages/cli/test/push.test.ts [2m([22m[2m13 tests[22m[2m)[22m[33m 17185[2mms[22m[39m
     [33m[2m✓[22m[39m offers an in-command conflict choice and defaults to keeping local [33m 1120[2mms[22m[39m
     [33m[2m✓[22m[39m excludes adapter bundle copies and does not invent proposal-owned instruction files [33m 9606[2mms[22m[39m
     [33m[2m✓[22m[39m 扫描停用后 dry-run 对含密钥文件照常出预览（上传不查敏感信息） [33m 316[2mms[22m[39m
     [33m[2m✓[22m[39m API-007 advances baseline after Direct Publish and allows an immediate second push [33m 694[2mms[22m[39m
     [33m[2m✓[22m[39m passes sensitive_scan_skip to finalize when --skip-sensitive-scan --yes [33m 917[2mms[22m[39m
     [33m[2m✓[22m[39m INT-002: interactively confirms sensitive scan skip and sends reason to finalize [33m 811[2mms[22m[39m
     [33m[2m✓[22m[39m INT-003: merges interactive token entry with existing credentials.local server_url [33m 895[2mms[22m[39m
     [33m[2m✓[22m[39m prompts once for both missing credentials, hides the token, and confirms once [33m 648[2mms[22m[39m
     [33m[2m✓[22m[39m resumes a persisted upload session after interruption [33m 1278[2mms[22m[39m
 [32m✓[39m [30m[45m integration [49m[39m packages/cli/test/update.test.ts [2m([22m[2m15 tests[22m[2m)[22m[33m 20662[2mms[22m[39m
     [33m[2m✓[22m[39m applies mixed add, modify, delete, and rename in one transaction [33m 2337[2mms[22m[39m
     [33m[2m✓[22m[39m skips dirty files, applies eligible files, and leaves complete version unchanged [33m 376[2mms[22m[39m
     [33m[2m✓[22m[39m acknowledges remote deletes for managed rule projections and refreshes them locally [33m 424[2mms[22m[39m
     [33m[2m✓[22m[39m preserves and reports locally modified managed rule projections [33m 339[2mms[22m[39m
     [33m[2m✓[22m[39m never downloads or applies a rename across a policy-never boundary [33m 480[2mms[22m[39m
     [33m[2m✓[22m[39m UT-015 recovers files and baseline byte-for-byte after transaction interruption [33m 846[2mms[22m[39m
     [33m[2m✓[22m[39m rejects legacy partial block operations for a full-document AGENTS.md [33m 394[2mms[22m[39m
     [33m[2m✓[22m[39m applies a marker-free AGENTS.md as an exact full document [33m 404[2mms[22m[39m
     [33m[2m✓[22m[39m applies multi-adapter artifacts to their target paths in one transaction (INT-004) [33m 351[2mms[22m[39m
     [33m[2m✓[22m[39m repeated full-document updates remain marker-free (INT-005) [33m 532[2mms[22m[39m
     [33m[2m✓[22m[39m applies sequential full documents using the previous remote hash (INT-006) [33m 599[2mms[22m[39m
     [33m[2m✓[22m[39m API-001 handles 146 applied plus 433 policy-never entries and advances baseline [33m 6762[2mms[22m[39m
     [33m[2m✓[22m[39m API-002 applies 146, acknowledges 400, and reports only 33 real conflicts [33m 6356[2mms[22m[39m
 [32m✓[39m [30m[45m integration [49m[39m packages/core/test/migration.test.ts [2m([22m[2m8 tests[22m[2m)[22m[33m 12172[2mms[22m[39m
     [33m[2m✓[22m[39m real 0.1.1 general fixture refreshes to schema v2 and removes duplicate skills agents [33m 1354[2mms[22m[39m
     [33m[2m✓[22m[39m real 0.1.1 java fixture refreshes and removes clean duplicate skills agents [33m 1392[2mms[22m[39m
     [33m[2m✓[22m[39m preserves a modified duplicate skills agent as unmanaged conflict (exit 5) [33m 2366[2mms[22m[39m
     [33m[2m✓[22m[39m unknown legacy Bundle hash never authorizes deletion of duplicate files [33m 1116[2mms[22m[39m
     [33m[2m✓[22m[39m general to java adds Java-only files [33m 2361[2mms[22m[39m
     [33m[2m✓[22m[39m java to general removes clean Java-only files [33m 2691[2mms[22m[39m
     [33m[2m✓[22m[39m modified Java-only file survives transition and produces exit code 5 [33m 887[2mms[22m[39m
 [32m✓[39m [30m[45m integration [49m[39m packages/core/test/recovery-v3.test.ts [2m([22m[2m29 tests[22m[2m)[22m[33m 12138[2mms[22m[39m
     [33m[2m✓[22m[39m keeps a transaction lock usable across 100 sequential lifecycles [33m 4362[2mms[22m[39m
     [33m[2m✓[22m[39m registers 100 durable recoveries without exhausting a global lock [33m 5704[2mms[22m[39m
     [33m[2m✓[22m[39m converges the compatibility projection after concurrent registrations [33m 592[2mms[22m[39m
 [32m✓[39m [30m[45m integration [49m[39m packages/core/test/plan-durable-publication-filesystem-contract.test.ts [2m([22m[2m9 tests[22m[2m)[22m[33m 10800[2mms[22m[39m
     [33m[2m✓[22m[39m accepts a near-limit repeated-byte payload and rejects one byte over the limit [33m 1584[2mms[22m[39m
     [33m[2m✓[22m[39m rejects a plan whose payload bytes exceed the aggregate bound [33m 9185[2mms[22m[39m
 [32m✓[39m [30m[45m integration [49m[39m packages/cli/test/guarded-default-cli.test.ts [2m([22m[2m6 tests[22m[2m)[22m[33m 6861[2mms[22m[39m
     [33m[2m✓[22m[39m initializes through preview/apply and returns a recovery receipt [33m 957[2mms[22m[39m
     [33m[2m✓[22m[39m supports explicit init only for an absent project [33m 854[2mms[22m[39m
     [33m[2m✓[22m[39m keeps an already-current bare command byte-stable with no transaction [33m 1857[2mms[22m[39m
     [33m[2m✓[22m[39m routes update --guarded locally without calling the server [33m 691[2mms[22m[39m
     [33m[2m✓[22m[39m does not turn --yes into permission to overwrite a local modification [33m 800[2mms[22m[39m
     [33m[2m✓[22m[39m keeps project and recovery identities safe in Chinese paths with spaces [33m 1700[2mms[22m[39m
 [32m✓[39m [30m[45m integration [49m[39m packages/core/test/push-stale.test.ts [2m([22m[2m16 tests[22m[2m)[22m[33m 5266[2mms[22m[39m
     [33m[2m✓[22m[39m resolves a stale conflict in the same push before proposal confirmation [33m 1183[2mms[22m[39m
     [33m[2m✓[22m[39m 扫描停用后 locked 内容变化不再触发敏感确认（confirmSensitiveScanSkip 不被调用） [33m 560[2mms[22m[39m
     [33m[2m✓[22m[39m UT-004 maps session PROJECT_VERSION_CONFLICT to friendly update guidance [33m 318[2mms[22m[39m
     [33m[2m✓[22m[39m UT-005 maps finalize STALE_PUSH to friendly update guidance [33m 339[2mms[22m[39m
     [33m[2m✓[22m[39m UT-007 unbound project skips version precheck [33m 464[2mms[22m[39m
 [32m✓[39m [30m[45m integration [49m[39m packages/core/test/initialize.test.ts [2m([22m[2m10 tests[22m[2m)[22m[33m 5579[2mms[22m[39m
     [33m[2m✓[22m[39m installs all four agents with marker-free Chinese docs, context v2, state v4 [33m 4164[2mms[22m[39m
     [33m[2m✓[22m[39m is idempotent across two installs except installed_at [33m 564[2mms[22m[39m
 [32m✓[39m [30m[45m integration [49m[39m packages/cli/test/archive-upload.test.ts [2m([22m[2m4 tests[22m[2m)[22m[33m 5292[2mms[22m[39m
     [33m[2m✓[22m[39m resolves the project and sends the package through the dedicated endpoint [33m 1081[2mms[22m[39m
     [33m[2m✓[22m[39m keeps the server's refusal code instead of a generic upload failure [33m 962[2mms[22m[39m
     [33m[2m✓[22m[39m validates a package read-only through the dedicated validate endpoint [33m 1390[2mms[22m[39m
     [33m[2m✓[22m[39m surfaces field-level issues from a 422 refusal [33m 1857[2mms[22m[39m
 [32m✓[39m [30m[45m integration [49m[39m packages/cli/test/rules-review.test.ts [2m([22m[2m1 test[22m[2m)[22m[33m 5683[2mms[22m[39m
     [33m[2m✓[22m[39m exports pending candidates and applies a preconditioned user decision [33m 5682[2mms[22m[39m
 [32m✓[39m [30m[45m integration [49m[39m packages/core/test/bundle-content-projection.test.ts [2m([22m[2m4 tests[22m[2m)[22m[33m 4633[2mms[22m[39m
     [33m[2m✓[22m[39m freshness identity exposes installedContentHash and verificationStatus=verified on a clean install [33m 1005[2mms[22m[39m
     [33m[2m✓[22m[39m freshness identity reports verificationStatus=degraded and mismatchDetails when an installed trusted-root script drifts [33m 953[2mms[22m[39m
     [33m[2m✓[22m[39m context-index skill_bundles entry projects installedContentHash/verifiedAt/verificationStatus [33m 911[2mms[22m[39m
     [33m[2m✓[22m[39m context-index reflects verificationStatus=degraded after a file drifts [33m 1762[2mms[22m[39m
 [32m✓[39m [30m[45m integration [49m[39m packages/cli/test/sync-command.test.ts [2m([22m[2m3 tests[22m[2m)[22m[33m 4309[2mms[22m[39m
     [33m[2m✓[22m[39m keeps dry-run read-only and returns no persistent report path [33m 1277[2mms[22m[39m
     [33m[2m✓[22m[39m runs one bounded entrypoint without writing sync logs or monitoring state [33m 1116[2mms[22m[39m
     [33m[2m✓[22m[39m validates only instruction entrypoints owned by enabled Agents [33m 1914[2mms[22m[39m
 [32m✓[39m [30m[45m integration [49m[39m packages/cli/test/plan-finalize-command.e2e.test.ts [2m([22m[2m9 tests[22m[2m)[22m[33m 4268[2mms[22m[39m
     [33m[2m✓[22m[39m finalize 成功后把 ownership 派生进 change-context.json（A-1） [33m 705[2mms[22m[39m
     [33m[2m✓[22m[39m runs the full v2 chain: gates → finalize → FS publication → event outbox [33m 337[2mms[22m[39m
     [33m[2m✓[22m[39m v2 发布之后 Python 门禁仍然开得了门 [33m 739[2mms[22m[39m
     [33m[2m✓[22m[39m 发布不覆盖 Python 写的 meta/gate-policy.json [33m 327[2mms[22m[39m
     [33m[2m✓[22m[39m 发布的 implementation-checkpoints 不让 foundation-gate 失效 [33m 690[2mms[22m[39m
     [33m[2m✓[22m[39m 发布的 scenario-manifest 能被 Python 门禁解包消费 [33m 649[2mms[22m[39m
     [33m[2m✓[22m[39m HP-10：--change-dir 真实参与路径解析 [33m 579[2mms[22m[39m
 [32m✓[39m [30m[45m integration [49m[39m packages/cli/test/default-and-recovery-commands.test.ts [2m([22m[2m3 tests[22m[2m)[22m[33m 3949[2mms[22m[39m
     [33m[2m✓[22m[39m bare command initializes an absent project and guarded-refreshes a valid project [33m 1332[2mms[22m[39m
     [33m[2m✓[22m[39m status reports pending recovery without mutating the project [33m 935[2mms[22m[39m
     [33m[2m✓[22m[39m recover inspect and resume expose stable non-interactive recovery actions [33m 1680[2mms[22m[39m
 [32m✓[39m [30m[45m integration [49m[39m packages/cli/test/refresh-freshness-cli.test.ts [2m([22m[2m2 tests[22m[2m)[22m[33m 3002[2mms[22m[39m
     [33m[2m✓[22m[39m emits per-agent identity and freshness status while keeping legacy fields [33m 1438[2mms[22m[39m
     [33m[2m✓[22m[39m reports LOCALLY_MODIFIED for a drifted managed file in JSON [33m 1563[2mms[22m[39m
 [32m✓[39m [30m[45m integration [49m[39m packages/cli/test/instructions.test.ts [2m([22m[2m3 tests[22m[2m)[22m[33m 3672[2mms[22m[39m
     [33m[2m✓[22m[39m keeps audit read-only, then applies the reviewed proposal transactionally [33m 1135[2mms[22m[39m
     [33m[2m✓[22m[39m refuses to overwrite a document changed after audit [33m 963[2mms[22m[39m
     [33m[2m✓[22m[39m rejects a traversal proposal id without overwriting project files [33m 1572[2mms[22m[39m
 [32m✓[39m [30m[45m integration [49m[39m packages/cli/test/knowledge-query.test.ts [2m([22m[2m8 tests[22m[2m)[22m[33m 2415[2mms[22m[39m
     [33m[2m✓[22m[39m queries only the bounded remote knowledge endpoint and leaves no local index [33m 1093[2mms[22m[39m
     [33m[2m✓[22m[39m fails closed when the remote service is unavailable [33m 402[2mms[22m[39m
     [33m[2m✓[22m[39m maps network failure transport failures without leaking the raw error [33m 414[2mms[22m[39m
 [32m✓[39m [30m[45m integration [49m[39m packages/core/test/guarded-project-plan.test.ts [2m([22m[2m4 tests[22m[2m)[22m[33m 3361[2mms[22m[39m
     [33m[2m✓[22m[39m binds initialize apply to the exact dry-run plan hash [33m 935[2mms[22m[39m
     [33m[2m✓[22m[39m does not create a transaction for an idempotent refresh [33m 974[2mms[22m[39m
     [33m[2m✓[22m[39m rejects refresh apply when managed state changed after preview [33m 1431[2mms[22m[39m
 [32m✓[39m [30m[45m integration [49m[39m packages/cli/test/default-recovery-contract.test.ts [2m([22m[2m13 tests[22m[2m)[22m[33m 2827[2mms[22m[39m
     [33m[2m✓[22m[39m status reports an interrupted transaction without mutating project files [33m 1148[2mms[22m[39m
 [32m✓[39m [30m[45m integration [49m[39m packages/cli/test/push-pull-commands.test.ts [2m([22m[2m23 tests[22m[2m)[22m[33m 2454[2mms[22m[39m
     [33m[2m✓[22m[39m registers the canonical command names and Pull compatibility alias [33m 1162[2mms[22m[39m
     [33m[2m✓[22m[39m derives the production source identity from bound project state and Git [33m 1181[2mms[22m[39m
 [32m✓[39m [30m[45m integration [49m[39m packages/core/test/refresh.test.ts [2m([22m[2m23 tests[22m[2m)[22m[33m 2208[2mms[22m[39m
     [33m[2m✓[22m[39m applies a profile transition across every enabled agent [33m 369[2mms[22m[39m
 [32m✓[39m [30m[45m integration [49m[39m packages/cli/test/recovery-menu.test.ts [2m([22m[2m5 tests[22m[2m)[22m[33m 2309[2mms[22m[39m
     [33m[2m✓[22m[39m detects and resumes an interrupted update [33m 1217[2mms[22m[39m
     [33m[2m✓[22m[39m skips phantom durable index entries whose transaction directory is gone [33m 556[2mms[22m[39m
 [32m✓[39m [30m[45m integration [49m[39m packages/core/test/managed-block-refresh.test.ts [2m([22m[2m7 tests[22m[2m)[22m[33m 2037[2mms[22m[39m
     [33m[2m✓[22m[39m preserves a malformed AGENTS.md without blocking other managed targets [33m 1094[2mms[22m[39m
     [33m[2m✓[22m[39m --force-managed leaves root instruction documents byte-identical [33m 939[2mms[22m[39m
 [32m✓[39m [30m[45m integration [49m[39m packages/cli/test/plan-publish.e2e.test.ts [2m([22m[2m5 tests[22m[2m)[22m[33m 2105[2mms[22m[39m
     [33m[2m✓[22m[39m 首发：一条命令完成 evidence-pack → finalize，八 target 落盘 [33m 441[2mms[22m[39m
     [33m[2m✓[22m[39m 重发布：baseline 从 journal 自动派生（generation 递增）、attempt 自动递增 [33m 706[2mms[22m[39m
     [33m[2m✓[22m[39m 高风险变更：记录收据后发布；内容修订 + --renew-review 自动续签再发布（P2+P3 闭环） [33m 887[2mms[22m[39m
 [32m✓[39m [30m[45m integration [49m[39m packages/core/test/push-scan.test.ts [2m([22m[2m6 tests[22m[2m)[22m[33m 1770[2mms[22m[39m
     [33m[2m✓[22m[39m 上传时不做敏感检查：密钥内容不阻断 push（扫描已停用） [33m 1069[2mms[22m[39m
 [32m✓[39m [30m[45m integration [49m[39m packages/cli/test/plan-review-record.e2e.test.ts [2m([22m[2m14 tests[22m[2m)[22m[33m 1817[2mms[22m[39m
     [33m[2m✓[22m[39m 草稿只给 reviewer_identity/findings，CLI 代算两个哈希并写回，finalize 一次通过 [33m 406[2mms[22m[39m
     [33m[2m✓[22m[39m --renew 续签过期收据：findings 沿用、input_hash 重绑，finalize 一次通过（HP-17） [33m 443[2mms[22m[39m
 [32m✓[39m [30m[45m integration [49m[39m packages/cli/test/plan-evidence-pack.e2e.test.ts [2m([22m[2m16 tests[22m[2m)[22m[33m 1678[2mms[22m[39m
     [33m[2m✓[22m[39m builds an evidence pack from natural inputs that finalizes cleanly [33m 444[2mms[22m[39m
     [33m[2m✓[22m[39m attempt=2 finalization bundle 通过质量验证（HP-02） [33m 374[2mms[22m[39m
     [33m[2m✓[22m[39m HP-05：文本顺序≠ref 哈希顺序的多 scope/多同 kind requirement/多 ownership 隐式路径全通 [33m 419[2mms[22m[39m
 [32m✓[39m [30m[45m integration [49m[39m packages/cli/test/remote-http.test.ts [2m([22m[2m35 tests[22m[2m)[22m[33m 1827[2mms[22m[39m
     [33m[2m✓[22m[39m bounds directory iteration without materializing an unbounded entry array [33m 791[2mms[22m[39m
 [32m✓[39m [30m[45m integration [49m[39m packages/cli/test/plan-finalize-review.e2e.test.ts [2m([22m[2m5 tests[22m[2m)[22m[33m 1430[2mms[22m[39m
     [33m[2m✓[22m[39m 匹配的 inline 收据 → Layer 3 通过并 finalize 成功 [33m 476[2mms[22m[39m
     [33m[2m✓[22m[39m 静态评审收据不绑定墙钟：不带 completedAt 也能 finalize（时间戳不进 input_hash） [33m 564[2mms[22m[39m
 [32m✓[39m [30m[45m integration [49m[39m packages/core/test/update-auth.test.ts [2m([22m[2m6 tests[22m[2m)[22m[33m 2110[2mms[22m[39m
     [33m[2m✓[22m[39m prefers env token over credentials.local (UT-101) [33m 1460[2mms[22m[39m
 [32m✓[39m [30m[45m integration [49m[39m packages/core/test/push-archive-summary.test.ts [2m([22m[2m1 test[22m[2m)[22m[33m 1019[2mms[22m[39m
     [33m[2m✓[22m[39m keeps every archive path out of generic push proposals [33m 1018[2mms[22m[39m
 [32m✓[39m [30m[45m integration [49m[39m packages/cli/test/rules-sync.test.ts [2m([22m[2m1 test[22m[2m)[22m[33m 1066[2mms[22m[39m
     [33m[2m✓[22m[39m generates a remote Chinese proposal without changing project documents [33m 1065[2mms[22m[39m
 [32m✓[39m [30m[45m integration [49m[39m packages/core/test/freshness.test.ts [2m([22m[2m10 tests[22m[2m)[22m[33m 757[2mms[22m[39m
 [32m✓[39m [30m[45m integration [49m[39m packages/cli/test/sync-process.test.ts [2m([22m[2m10 tests[22m[2m)[22m[33m 728[2mms[22m[39m
     [33m[2m✓[22m[39m SYNC-005 distinguishes stall timeout from wall timeout [33m 579[2mms[22m[39m
 [32m✓[39m [30m[45m integration [49m[39m packages/cli/test/plan-finalization-fs-port.test.ts [2m([22m[2m4 tests[22m[2m)[22m[33m 405[2mms[22m[39m
 [32m✓[39m [30m[45m integration [49m[39m packages/cli/test/entrypoint.test.ts [2m([22m[2m3 tests[22m[2m)[22m[33m 635[2mms[22m[39m
     [33m[2m✓[22m[39m runs --help when invoked through node_modules junction [33m 628[2mms[22m[39m
 [32m✓[39m [30m[45m integration [49m[39m packages/cli/test/git-delta.test.ts [2m([22m[2m2 tests[22m[2m)[22m[33m 433[2mms[22m[39m
     [33m[2m✓[22m[39m ignores legacy sync receipts because sync no longer persists a baseline [33m 424[2mms[22m[39m
 [32m✓[39m [30m[45m integration [49m[39m packages/cli/test/workflow-data-resolve.test.ts [2m([22m[2m9 tests[22m[2m)[22m[33m 401[2mms[22m[39m
     [33m[2m✓[22m[39m resolves monorepo workflow data package when cwd has no sibling workflow package [33m 376[2mms[22m[39m
 [32m✓[39m [30m[45m integration [49m[39m packages/cli/test/archive-full-chain.e2e.test.ts [2m([22m[2m1 test[22m[2m)[22m[33m 328[2mms[22m[39m
     [33m[2m✓[22m[39m completes the durable publish chain with real receipts [33m 327[2mms[22m[39m
 [32m✓[39m [30m[45m integration [49m[39m packages/cli/test/harness-bundle.test.ts [2m([22m[2m19 tests[22m[2m)[22m[32m 278[2mms[22m[39m
 [32m✓[39m [30m[45m integration [49m[39m packages/cli/test/plan-evidence-pack-template.test.ts [2m([22m[2m18 tests[22m[2m)[22m[32m 300[2mms[22m[39m
 [32m✓[39m [30m[45m integration [49m[39m packages/cli/test/archive-outbox-fs-port.test.ts [2m([22m[2m11 tests[22m[2m)[22m[32m 166[2mms[22m[39m
 [32m✓[39m [30m[45m integration [49m[39m packages/cli/test/connect.test.ts [2m([22m[2m9 tests[22m[2m)[22m[32m 206[2mms[22m[39m
 [32m✓[39m [30m[45m integration [49m[39m packages/cli/test/managed-execution.test.ts [2m([22m[2m3 tests[22m[2m)[22m[32m 141[2mms[22m[39m
 [32m✓[39m [30m[45m integration [49m[39m packages/cli/test/archive-cas-resolver.test.ts [2m([22m[2m8 tests[22m[2m)[22m[32m 121[2mms[22m[39m
 [32m✓[39m [30m[45m integration [49m[39m packages/cli/test/project-menu-connect.test.ts [2m([22m[2m4 tests[22m[2m)[22m[32m 157[2mms[22m[39m
 [32m✓[39m [30m[45m integration [49m[39m packages/cli/test/archive-production-ports.test.ts [2m([22m[2m4 tests[22m[2m)[22m[32m 78[2mms[22m[39m
 [32m✓[39m [30m[45m integration [49m[39m packages/cli/test/events-sync.test.ts [2m([22m[2m2 tests[22m[2m)[22m[32m 91[2mms[22m[39m
 [32m✓[39m [30m[45m integration [49m[39m packages/core/test/agent-adapters.test.ts [2m([22m[2m11 tests[22m[2m)[22m[32m 54[2mms[22m[39m
 [32m✓[39m [30m[45m integration [49m[39m packages/cli/test/codegraph-status.test.ts [2m([22m[2m8 tests[22m[2m)[22m[32m 43[2mms[22m[39m
 [32m✓[39m [30m[45m integration [49m[39m packages/cli/test/project-detection.test.ts [2m([22m[2m4 tests[22m[2m)[22m[32m 28[2mms[22m[39m
 [32m✓[39m [30m[45m integration [49m[39m packages/cli/test/push-pull-adapter.test.ts [2m([22m[2m18 tests[22m[2m)[22m[32m 39[2mms[22m[39m
 [32m✓[39m [30m[45m integration [49m[39m packages/cli/test/codebuddy-setup.test.ts [2m([22m[2m4 tests[22m[2m)[22m[32m 28[2mms[22m[39m
 [32m✓[39m [30m[45m integration [49m[39m packages/cli/test/init-config.test.ts [2m([22m[2m19 tests[22m[2m)[22m[32m 19[2mms[22m[39m
 [32m✓[39m [30m[45m integration [49m[39m packages/cli/test/plan-finalization-outbox-verifier.test.ts [2m([22m[2m4 tests[22m[2m)[22m[32m 37[2mms[22m[39m
 [32m✓[39m [30m[45m integration [49m[39m packages/cli/test/doctor.test.ts [2m([22m[2m3 tests[22m[2m)[22m[32m 28[2mms[22m[39m
 [32m✓[39m [30m[45m integration [49m[39m packages/cli/test/capabilities.test.ts [2m([22m[2m3 tests[22m[2m)[22m[32m 25[2mms[22m[39m
 [32m✓[39m [30m[45m integration [49m[39m packages/cli/test/sync-harness-closure.test.ts [2m([22m[2m4 tests[22m[2m)[22m[32m 16[2mms[22m[39m
 [32m✓[39m [30m[45m integration [49m[39m packages/cli/test/sync-harness.test.ts [2m([22m[2m4 tests[22m[2m)[22m[32m 14[2mms[22m[39m
 [32m✓[39m [30m[45m integration [49m[39m packages/cli/test/config-origins.test.ts [2m([22m[2m1 test[22m[2m)[22m[32m 21[2mms[22m[39m
 [32m✓[39m [30m[45m integration [49m[39m packages/cli/test/plan-interaction-presentation.test.ts [2m([22m[2m9 tests[22m[2m)[22m[32m 15[2mms[22m[39m
 [32m✓[39m [30m[45m integration [49m[39m packages/cli/test/skill-command-contract.test.ts [2m([22m[2m2 tests[22m[2m)[22m[32m 10[2mms[22m[39m
 [32m✓[39m [30m[45m integration [49m[39m packages/cli/test/last-server.test.ts [2m([22m[2m4 tests[22m[2m)[22m[32m 15[2mms[22m[39m
 [32m✓[39m [30m[45m integration [49m[39m packages/cli/test/push-pull-skill-contract.test.ts [2m([22m[2m1 test[22m[2m)[22m[32m 5[2mms[22m[39m
 [32m✓[39m [30m[45m integration [49m[39m packages/cli/test/risk-signal-inference.test.ts [2m([22m[2m8 tests[22m[2m)[22m[32m 5[2mms[22m[39m
 [32m✓[39m [30m[45m integration [49m[39m packages/cli/test/archive-compose.test.ts [2m([22m[2m1 test[22m[2m)[22m[32m 5[2mms[22m[39m
 [32m✓[39m [30m[45m integration [49m[39m packages/cli/test/sync-guidance.test.ts [2m([22m[2m2 tests[22m[2m)[22m[32m 6[2mms[22m[39m
 [32m✓[39m [30m[45m integration [49m[39m packages/cli/test/python-runtime.test.ts [2m([22m[2m2 tests[22m[2m)[22m[32m 4[2mms[22m[39m
 [32m✓[39m [30m[45m integration [49m[39m packages/cli/test/bundle-workspace-sources.test.ts [2m([22m[2m2 tests[22m[2m)[22m[32m 4[2mms[22m[39m
 [32m✓[39m [30m[45m integration [49m[39m packages/cli/test/git-probe.test.ts [2m([22m[2m5 tests[22m[2m)[22m[32m 3[2mms[22m[39m
 [32m✓[39m [30m[45m integration [49m[39m packages/cli/test/sync-push-plan.test.ts [2m([22m[2m7 tests[22m[2m)[22m[32m 4[2mms[22m[39m

[2m Test Files [22m [1m[32m165 passed[39m[22m[90m (165)[39m
[2m      Tests [22m [1m[32m2244 passed[39m[22m[90m (2244)[39m
[2m   Start at [22m 12:00:33
[2m   Duration [22m 128.16s[2m (transform 7.50s, setup 0ms, import 48.87s, tests 184.34s, environment 13ms)[22m

